/home/heshi/work/bench-probes/MLAgentBench/.venv/lib/python3.10/site-packages/datasets/load.py:2552: FutureWarning: 'use_auth_token' was deprecated in favor of 'token' in version 2.14.0 and will be removed in 3.0.0.
You can remove this warning by passing 'token=<use_auth_token>' instead.
  warnings.warn(
/home/heshi/work/bench-probes/MLAgentBench/.venv/lib/python3.10/site-packages/datasets/load.py:929: FutureWarning: The repository for babyLM_for_hf contains custom code which must be executed to correctly load the dataset. You can inspect the repository content at babyLM_for_hf.py
You can avoid this message in future by passing the argument `trust_remote_code=True`.
Passing `trust_remote_code=True` will be mandatory to load this dataset from the next major release of `datasets`.
  warnings.warn(
'[Errno 101] Network is unreachable' thrown while requesting HEAD https://huggingface.co/gpt2/resolve/main/config.json
Retrying in 1s [Retry 1/5].
'[Errno 101] Network is unreachable' thrown while requesting HEAD https://huggingface.co/gpt2/resolve/main/config.json
Retrying in 1s [Retry 1/5].
Traceback (most recent call last):
  File "/home/heshi/work/bench-probes/MLAgentBench/.venv/lib/python3.10/site-packages/transformers/configuration_utils.py", line 738, in _get_config_dict
    resolved_config_file = cached_file(
  File "/home/heshi/work/bench-probes/MLAgentBench/.venv/lib/python3.10/site-packages/transformers/utils/hub.py", line 278, in cached_file
    file = cached_files(path_or_repo_id=path_or_repo_id, filenames=[filename], **kwargs)
  File "/home/heshi/work/bench-probes/MLAgentBench/.venv/lib/python3.10/site-packages/transformers/utils/hub.py", line 512, in cached_files
    raise e
  File "/home/heshi/work/bench-probes/MLAgentBench/.venv/lib/python3.10/site-packages/transformers/utils/hub.py", line 422, in cached_files
    hf_hub_download(
  File "/home/heshi/work/bench-probes/MLAgentBench/.venv/lib/python3.10/site-packages/huggingface_hub/utils/_validators.py", line 88, in _inner_fn
    return fn(*args, **kwargs)
  File "/home/heshi/work/bench-probes/MLAgentBench/.venv/lib/python3.10/site-packages/huggingface_hub/file_download.py", line 1010, in hf_hub_download
    return _hf_hub_download_to_cache_dir(
  File "/home/heshi/work/bench-probes/MLAgentBench/.venv/lib/python3.10/site-packages/huggingface_hub/file_download.py", line 1143, in _hf_hub_download_to_cache_dir
    _get_metadata_or_catch_error(
  File "/home/heshi/work/bench-probes/MLAgentBench/.venv/lib/python3.10/site-packages/huggingface_hub/file_download.py", line 1682, in _get_metadata_or_catch_error
    metadata = get_hf_file_metadata(
  File "/home/heshi/work/bench-probes/MLAgentBench/.venv/lib/python3.10/site-packages/huggingface_hub/utils/_validators.py", line 88, in _inner_fn
    return fn(*args, **kwargs)
  File "/home/heshi/work/bench-probes/MLAgentBench/.venv/lib/python3.10/site-packages/huggingface_hub/file_download.py", line 1604, in get_hf_file_metadata
    response = _httpx_follow_relative_redirects_with_backoff(
  File "/home/heshi/work/bench-probes/MLAgentBench/.venv/lib/python3.10/site-packages/huggingface_hub/utils/_http.py", line 685, in _httpx_follow_relative_redirects_with_backoff
    response = http_backoff(
  File "/home/heshi/work/bench-probes/MLAgentBench/.venv/lib/python3.10/site-packages/huggingface_hub/utils/_http.py", line 559, in http_backoff
    return next(
  File "/home/heshi/work/bench-probes/MLAgentBench/.venv/lib/python3.10/site-packages/huggingface_hub/utils/_http.py", line 467, in _http_backoff_base
    response = client.request(method=method, url=url, **kwargs)
  File "/home/heshi/work/bench-probes/MLAgentBench/.venv/lib/python3.10/site-packages/httpx/_client.py", line 825, in request
    return self.send(request, auth=auth, follow_redirects=follow_redirects)
  File "/home/heshi/work/bench-probes/MLAgentBench/.venv/lib/python3.10/site-packages/httpx/_client.py", line 901, in send
    raise RuntimeError("Cannot send a request, as the client has been closed.")
RuntimeError: Cannot send a request, as the client has been closed.

During handling of the above exception, another exception occurred:

Traceback (most recent call last):
  File "/home/heshi/work/bench-probes/MLAgentBench/.venv/lib/python3.10/site-packages/transformers/models/auto/tokenization_auto.py", line 694, in from_pretrained
    config = AutoConfig.from_pretrained(
  File "/home/heshi/work/bench-probes/MLAgentBench/.venv/lib/python3.10/site-packages/transformers/models/auto/configuration_auto.py", line 374, in from_pretrained
    config_dict, unused_kwargs = PreTrainedConfig.get_config_dict(pretrained_model_name_or_path, **kwargs)
  File "/home/heshi/work/bench-probes/MLAgentBench/.venv/lib/python3.10/site-packages/transformers/configuration_utils.py", line 683, in get_config_dict
    config_dict, kwargs = cls._get_config_dict(pretrained_model_name_or_path, **kwargs)
  File "/home/heshi/work/bench-probes/MLAgentBench/.venv/lib/python3.10/site-packages/transformers/configuration_utils.py", line 760, in _get_config_dict
    raise OSError(
OSError: Can't load the configuration of 'gpt2'. If you were trying to load it from 'https://huggingface.co/models', make sure you don't have a local directory with the same name. Otherwise, make sure 'gpt2' is the correct path to a directory containing a config.json file

During handling of the above exception, another exception occurred:

Traceback (most recent call last):
  File "/home/heshi/work/bench-probes/MLAgentBench/.venv/lib/python3.10/site-packages/transformers/configuration_utils.py", line 738, in _get_config_dict
    resolved_config_file = cached_file(
  File "/home/heshi/work/bench-probes/MLAgentBench/.venv/lib/python3.10/site-packages/transformers/utils/hub.py", line 278, in cached_file
    file = cached_files(path_or_repo_id=path_or_repo_id, filenames=[filename], **kwargs)
  File "/home/heshi/work/bench-probes/MLAgentBench/.venv/lib/python3.10/site-packages/transformers/utils/hub.py", line 512, in cached_files
    raise e
  File "/home/heshi/work/bench-probes/MLAgentBench/.venv/lib/python3.10/site-packages/transformers/utils/hub.py", line 422, in cached_files
    hf_hub_download(
  File "/home/heshi/work/bench-probes/MLAgentBench/.venv/lib/python3.10/site-packages/huggingface_hub/utils/_validators.py", line 88, in _inner_fn
    return fn(*args, **kwargs)
  File "/home/heshi/work/bench-probes/MLAgentBench/.venv/lib/python3.10/site-packages/huggingface_hub/file_download.py", line 1010, in hf_hub_download
    return _hf_hub_download_to_cache_dir(
  File "/home/heshi/work/bench-probes/MLAgentBench/.venv/lib/python3.10/site-packages/huggingface_hub/file_download.py", line 1143, in _hf_hub_download_to_cache_dir
    _get_metadata_or_catch_error(
  File "/home/heshi/work/bench-probes/MLAgentBench/.venv/lib/python3.10/site-packages/huggingface_hub/file_download.py", line 1682, in _get_metadata_or_catch_error
    metadata = get_hf_file_metadata(
  File "/home/heshi/work/bench-probes/MLAgentBench/.venv/lib/python3.10/site-packages/huggingface_hub/utils/_validators.py", line 88, in _inner_fn
    return fn(*args, **kwargs)
  File "/home/heshi/work/bench-probes/MLAgentBench/.venv/lib/python3.10/site-packages/huggingface_hub/file_download.py", line 1604, in get_hf_file_metadata
    response = _httpx_follow_relative_redirects_with_backoff(
  File "/home/heshi/work/bench-probes/MLAgentBench/.venv/lib/python3.10/site-packages/huggingface_hub/utils/_http.py", line 685, in _httpx_follow_relative_redirects_with_backoff
    response = http_backoff(
  File "/home/heshi/work/bench-probes/MLAgentBench/.venv/lib/python3.10/site-packages/huggingface_hub/utils/_http.py", line 559, in http_backoff
    return next(
  File "/home/heshi/work/bench-probes/MLAgentBench/.venv/lib/python3.10/site-packages/huggingface_hub/utils/_http.py", line 467, in _http_backoff_base
    response = client.request(method=method, url=url, **kwargs)
  File "/home/heshi/work/bench-probes/MLAgentBench/.venv/lib/python3.10/site-packages/httpx/_client.py", line 825, in request
    return self.send(request, auth=auth, follow_redirects=follow_redirects)
  File "/home/heshi/work/bench-probes/MLAgentBench/.venv/lib/python3.10/site-packages/httpx/_client.py", line 901, in send
    raise RuntimeError("Cannot send a request, as the client has been closed.")
RuntimeError: Cannot send a request, as the client has been closed.

During handling of the above exception, another exception occurred:

Traceback (most recent call last):
  File "/home/heshi/work/copilotv3-mlagentbench-third-task-probes-20260603/babylm/env/train_compat.py", line 640, in <module>
    main()
  File "/home/heshi/work/copilotv3-mlagentbench-third-task-probes-20260603/babylm/env/train_compat.py", line 407, in main
    tokenizer = AutoTokenizer.from_pretrained(model_args.tokenizer_name, **tokenizer_kwargs)
  File "/home/heshi/work/bench-probes/MLAgentBench/.venv/lib/python3.10/site-packages/transformers/models/auto/tokenization_auto.py", line 698, in from_pretrained
    config = PreTrainedConfig.from_pretrained(pretrained_model_name_or_path, **kwargs)
  File "/home/heshi/work/bench-probes/MLAgentBench/.venv/lib/python3.10/site-packages/transformers/configuration_utils.py", line 642, in from_pretrained
    config_dict, kwargs = cls.get_config_dict(pretrained_model_name_or_path, **kwargs)
  File "/home/heshi/work/bench-probes/MLAgentBench/.venv/lib/python3.10/site-packages/transformers/configuration_utils.py", line 683, in get_config_dict
    config_dict, kwargs = cls._get_config_dict(pretrained_model_name_or_path, **kwargs)
  File "/home/heshi/work/bench-probes/MLAgentBench/.venv/lib/python3.10/site-packages/transformers/configuration_utils.py", line 760, in _get_config_dict
    raise OSError(
OSError: Can't load the configuration of 'gpt2'. If you were trying to load it from 'https://huggingface.co/models', make sure you don't have a local directory with the same name. Otherwise, make sure 'gpt2' is the correct path to a directory containing a config.json file
